MAIN.MAIN 0
MAIN.MAIN;Data.Aeson.Parser.Internal.CAF 0
MAIN.MAIN;Data.Aeson.Parser.Internal.CAF;Data.Aeson.Parser.Internal.array_ 0
MAIN.MAIN;Data.Aeson.Parser.Internal.CAF;Data.Aeson.Parser.Internal.json 0
MAIN.MAIN;Data.Aeson.Parser.Internal.CAF;Data.Aeson.Parser.Internal.jsonEOF 0
MAIN.MAIN;Data.Aeson.Parser.Internal.CAF;Data.Aeson.Parser.Internal.jsonEOF;Data.Attoparsec.Internal.endOfInput 0
MAIN.MAIN;Data.Aeson.Parser.Internal.CAF;Data.Aeson.Parser.Internal.jstring 0
MAIN.MAIN;Data.Aeson.Parser.Internal.CAF;Data.Aeson.Parser.Internal.object_ 0
MAIN.MAIN;Data.Aeson.Parser.Internal.CAF;Data.Aeson.Parser.Internal.value 0
MAIN.MAIN;Data.Aeson.Types.FromJSON.CAF 0
MAIN.MAIN;Data.Aeson.Types.FromJSON.CAF;Data.Aeson.Types.FromJSON.fromJSONKeyCoerce 0
MAIN.MAIN;Data.Aeson.Types.Internal.CAF 0
MAIN.MAIN;Data.Aeson.Types.Internal.CAF;Data.Aeson.Types.Internal.defaultOptions 0
MAIN.MAIN;Data.HashMap.Array.CAF 0
MAIN.MAIN;Data.HashMap.Array.CAF;Data.HashMap.Array.toList 0
MAIN.MAIN;Data.HashMap.Base.CAF 0
MAIN.MAIN;Data.HashMap.Base.CAF;Data.HashMap.Base.bitsPerSubkey 0
MAIN.MAIN;Data.HashMap.Base.CAF;Data.HashMap.Base.empty 0
MAIN.MAIN;Data.Map.Internal.CAF 0
MAIN.MAIN;Data.Map.Internal.CAF;Data.Map.Internal.delta 0
MAIN.MAIN;Data.Map.Internal.CAF;Data.Map.Internal.keys 0
MAIN.MAIN;Data.Scientific.CAF 0
MAIN.MAIN;Data.Scientific.CAF;Data.Primitive.Array.marray# 0
MAIN.MAIN;Data.Scientific.CAF;Data.Scientific.scientific 0
MAIN.MAIN;Data.Text.Array.CAF 0
MAIN.MAIN;Data.Text.Array.CAF;Data.Text.Array.empty 0
MAIN.MAIN;Data.Text.IO.CAF 0
MAIN.MAIN;Data.Text.IO.CAF;Data.Text.IO.putStrLn 0
MAIN.MAIN;Data.Text.Internal.CAF 0
MAIN.MAIN;Data.Text.Internal.CAF;Data.Text.Internal.empty_ 0
MAIN.MAIN;Data.Vector.CAF 0
MAIN.MAIN;Data.Vector.CAF;Data.Primitive.Array.marray# 0
MAIN.MAIN;Data.Vector.CAF;Data.Vector.Fusion.Bundle.Monadic.sChunks 0
MAIN.MAIN;Data.Vector.CAF;Data.Vector.Fusion.Bundle.Monadic.sSize 0
MAIN.MAIN;Data.Vector.CAF;Data.Vector.Fusion.Bundle.Size.upperBound 0
MAIN.MAIN;Data.Vector.CAF;Data.Vector.Fusion.Util.unId 0
MAIN.MAIN;GHC.Conc.Signal.CAF 0
MAIN.MAIN;GHC.Event.Manager.CAF 0
MAIN.MAIN;GHC.Event.Poll.CAF 0
MAIN.MAIN;GHC.Event.Thread.CAF 0
MAIN.MAIN;GHC.IO.Encoding.CAF 0
MAIN.MAIN;GHC.IO.Encoding.Iconv.CAF 0
MAIN.MAIN;GHC.IO.Handle.FD.CAF 0
MAIN.MAIN;GHC.IO.Handle.Internals.CAF 0
MAIN.MAIN;GHC.IO.Handle.Text.CAF 0
MAIN.MAIN;Main.CAF 0
MAIN.MAIN;Main.CAF;Data.Aeson.Types.FromJSON.genericParseJSON 0
MAIN.MAIN;Main.CAF;Data.Aeson.Types.FromJSON.genericParseJSON;Data.Aeson.Types.Internal.fieldLabelModifier 0
MAIN.MAIN;Main.CAF;Data.Aeson.Types.FromJSON.genericParseJSON;Data.Aeson.Types.Internal.tagSingleConstructors 0
MAIN.MAIN;Main.CAF;Data.Aeson.Types.FromJSON.genericParseJSON;Data.Aeson.Types.Internal.unwrapUnaryRecords 0
MAIN.MAIN;Main.CAF;Data.Aeson.Types.FromJSON.genericParseJSON;Data.Text.Array.maBA 0
MAIN.MAIN;Main.CAF;Data.Map.Internal.lookup 0
MAIN.MAIN;Main.CAF;Data.Map.Strict.Internal.insert 0
MAIN.MAIN;Main.CAF;Main.< 0
MAIN.MAIN;Main.CAF;Main.== 0
MAIN.MAIN;Main.CAF;Main.== 0
MAIN.MAIN;Main.CAF;Main.== 0
MAIN.MAIN;Main.CAF;Main.compare 0
MAIN.MAIN;Main.CAF;Main.compare 0
MAIN.MAIN;Main.CAF;Main.compare 0
MAIN.MAIN;Main.CAF;Main.fromJSONKey 0
MAIN.MAIN;Main.CAF;Main.main 0
MAIN.MAIN;Main.CAF;Main.main;Main.buildFlames 0
MAIN.MAIN;Main.CAF;Main.main;Main.buildFlames;Data.List.Extra.groupSort 0
MAIN.MAIN;Main.CAF;Main.main;Main.buildFlames;Data.List.Extra.groupSort;Data.List.Extra.groupOn 0
MAIN.MAIN;Main.CAF;Main.main;Main.drawStack 0
MAIN.MAIN;Main.CAF;Main.main;Main.drawStack;Data.Text.Show.unpackCString# 0
MAIN.MAIN;Main.CAF;Main.main;Options.Applicative.Builder.info 0
MAIN.MAIN;Main.CAF;Main.main;Options.Applicative.Builder.info;Options.Applicative.Builder.fullDesc 0
MAIN.MAIN;Main.CAF;Main.optionsParser 0
MAIN.MAIN;Main.CAF;Main.optionsParser;Options.Applicative.Builder.help 0
MAIN.MAIN;Main.CAF;Main.optionsParser;Options.Applicative.Builder.help;Options.Applicative.Builder.Internal.optionMod 0
MAIN.MAIN;Main.CAF;Main.optionsParser;Options.Applicative.Builder.long 0
MAIN.MAIN;Main.CAF;Main.optionsParser;Options.Applicative.Builder.long;Options.Applicative.Builder.Internal.fieldMod 0
MAIN.MAIN;Main.CAF;Main.optionsParser;Options.Applicative.Builder.metavar 0
MAIN.MAIN;Main.CAF;Main.optionsParser;Options.Applicative.Builder.metavar;Options.Applicative.Builder.Internal.optionMod 0
MAIN.MAIN;Main.CAF;Main.optionsParser;Options.Applicative.Builder.short 0
MAIN.MAIN;Main.CAF;Main.optionsParser;Options.Applicative.Builder.short;Options.Applicative.Builder.Internal.fieldMod 0
MAIN.MAIN;Main.CAF;Main.optionsParser;Options.Applicative.Builder.strOption 0
MAIN.MAIN;Main.CAF;Main.optionsParser;Options.Applicative.Builder.strOption;Options.Applicative.Builder.option 0
MAIN.MAIN;Main.CAF;Main.optionsParser;Options.Applicative.Builder.strOption;Options.Applicative.Builder.option;Options.Applicative.Builder.Internal.mkParser 0
MAIN.MAIN;Main.CAF;Main.optionsParser;Options.Applicative.Builder.strOption;Options.Applicative.Builder.option;Options.Applicative.Builder.Internal.mkParser;Options.Applicative.Builder.Internal.mkOption 0
MAIN.MAIN;Main.CAF;Main.optionsParser;Options.Applicative.Builder.strOption;Options.Applicative.Builder.option;Options.Applicative.Builder.Internal.optNames 0
MAIN.MAIN;Main.CAF;Main.optionsParser;Options.Applicative.Builder.strOption;Options.Applicative.Builder.option;Options.Applicative.Builder.long 0
MAIN.MAIN;Main.CAF;Main.optionsParser;Options.Applicative.Builder.strOption;Options.Applicative.Builder.option;Options.Applicative.Builder.long;Options.Applicative.Builder.Internal.fieldMod 0
MAIN.MAIN;Main.CAF;Main.optionsParser;Options.Applicative.Builder.strOption;Options.Applicative.Builder.option;Options.Applicative.Builder.long;Options.Applicative.Builder.Internal.fieldMod;Options.Applicative.Builder.Internal.optNames 0
MAIN.MAIN;Main.CAF;Main.optionsParser;Options.Applicative.Builder.strOption;Options.Applicative.Builder.option;Options.Applicative.Builder.short 0
MAIN.MAIN;Main.CAF;Main.optionsParser;Options.Applicative.Builder.strOption;Options.Applicative.Builder.option;Options.Applicative.Builder.short;Options.Applicative.Builder.Internal.fieldMod 0
MAIN.MAIN;Main.CAF;Main.optionsParser;Options.Applicative.Builder.strOption;Options.Applicative.Builder.option;Options.Applicative.Builder.short;Options.Applicative.Builder.Internal.fieldMod;Options.Applicative.Builder.Internal.optNames 0
MAIN.MAIN;Main.CAF;Main.optionsParser;Options.Applicative.Builder.strOption;Options.Applicative.Builder.str 0
MAIN.MAIN;Main.CAF;Main.optionsParser;Options.Applicative.Builder.switch 0
MAIN.MAIN;Main.CAF;Main.optionsParser;Options.Applicative.Builder.switch;Options.Applicative.Builder.flag 0
MAIN.MAIN;Main.CAF;Main.optionsParser;Options.Applicative.Builder.switch;Options.Applicative.Builder.flag;Options.Applicative.Builder.flag' 0
MAIN.MAIN;Main.CAF;Main.optionsParser;Options.Applicative.Builder.switch;Options.Applicative.Builder.flag;Options.Applicative.Builder.flag';Options.Applicative.Builder.Internal.mkParser 0
MAIN.MAIN;Main.CAF;Main.optionsParser;Options.Applicative.Types.fromM 0
MAIN.MAIN;Main.CAF;Main.optionsParser;Options.Applicative.Types.fromM;Options.Applicative.Types.manyM 0
MAIN.MAIN;Main.CAF;Main.optionsParser;Options.Applicative.Types.fromM;Options.Applicative.Types.manyM;Options.Applicative.Types.oneM 0
MAIN.MAIN;Main.CAF;Main.parseJSON 0
MAIN.MAIN;Main.CAF;Main.parseJSON 0
MAIN.MAIN;Main.CAF;Main.parseJSON 0
MAIN.MAIN;Main.CAF;Main.parseJSON 0
MAIN.MAIN;Main.CAF;Main.parseJSON 0
MAIN.MAIN;Main.CAF;Main.parseJSON;Data.Text.Show.unpackCString# 0
MAIN.MAIN;Main.main 30
MAIN.MAIN;Main.main;Data.Aeson.Parser.Internal.jsonEOF 0
MAIN.MAIN;Main.main;Data.Aeson.Parser.Internal.jsonEOF;Data.Aeson.Parser.Internal.value 110
MAIN.MAIN;Main.main;Data.Aeson.Parser.Internal.jsonEOF;Data.Aeson.Parser.Internal.value;Data.Aeson.Parser.Internal.array_ 20
MAIN.MAIN;Main.main;Data.Aeson.Parser.Internal.jsonEOF;Data.Aeson.Parser.Internal.value;Data.Aeson.Parser.Internal.array_;Data.Aeson.Parser.Internal.jstring 0
MAIN.MAIN;Main.main;Data.Aeson.Parser.Internal.jsonEOF;Data.Aeson.Parser.Internal.value;Data.Aeson.Parser.Internal.array_;Data.Aeson.Parser.Internal.jstring;Data.Aeson.Parser.Internal.jstring_ 0
MAIN.MAIN;Main.main;Data.Aeson.Parser.Internal.jsonEOF;Data.Aeson.Parser.Internal.value;Data.Aeson.Parser.Internal.array_;Data.Aeson.Parser.Internal.jstring;Data.Aeson.Parser.Internal.jstring_;Data.Attoparsec.Internal.Types.fromPos 0
MAIN.MAIN;Main.main;Data.Aeson.Parser.Internal.jsonEOF;Data.Aeson.Parser.Internal.value;Data.Aeson.Parser.Internal.array_;Data.Aeson.Parser.Internal.jstring;Data.Aeson.Parser.Internal.jstring_;Data.Attoparsec.Internal.Types.runParser 0
MAIN.MAIN;Main.main;Data.Aeson.Parser.Internal.jsonEOF;Data.Aeson.Parser.Internal.value;Data.Aeson.Parser.Internal.array_;Data.Aeson.Parser.Internal.jstring;Data.Aeson.Parser.Internal.jstring_;Data.Text.Encoding.decodeUtf8With 0
MAIN.MAIN;Main.main;Data.Aeson.Parser.Internal.jsonEOF;Data.Aeson.Parser.Internal.value;Data.Aeson.Parser.Internal.array_;Data.Aeson.Parser.Internal.jstring;Data.Aeson.Parser.Internal.jstring_;Data.Text.Encoding.decodeUtf8With;Data.Text.Array.maBA 0
MAIN.MAIN;Main.main;Data.Aeson.Parser.Internal.jsonEOF;Data.Aeson.Parser.Internal.value;Data.Aeson.Parser.Internal.array_;Data.Aeson.Parser.Internal.jstring;Data.Attoparsec.Internal.Types.fromPos 0
MAIN.MAIN;Main.main;Data.Aeson.Parser.Internal.jsonEOF;Data.Aeson.Parser.Internal.value;Data.Aeson.Parser.Internal.array_;Data.Aeson.Parser.Internal.jstring;Data.Attoparsec.Internal.Types.runParser 0
MAIN.MAIN;Main.main;Data.Aeson.Parser.Internal.jsonEOF;Data.Aeson.Parser.Internal.value;Data.Aeson.Parser.Internal.array_;Data.Aeson.Parser.Internal.jstring_ 0
MAIN.MAIN;Main.main;Data.Aeson.Parser.Internal.jsonEOF;Data.Aeson.Parser.Internal.value;Data.Aeson.Parser.Internal.array_;Data.Aeson.Parser.Internal.jstring_;Data.Aeson.Parser.Internal.jstring 0
MAIN.MAIN;Main.main;Data.Aeson.Parser.Internal.jsonEOF;Data.Aeson.Parser.Internal.value;Data.Aeson.Parser.Internal.array_;Data.Aeson.Parser.Internal.jstring_;Data.Aeson.Parser.Internal.jstring;Data.Attoparsec.Internal.Types.fromPos 0
MAIN.MAIN;Main.main;Data.Aeson.Parser.Internal.jsonEOF;Data.Aeson.Parser.Internal.value;Data.Aeson.Parser.Internal.array_;Data.Aeson.Parser.Internal.jstring_;Data.Aeson.Parser.Internal.jstring;Data.Attoparsec.Internal.Types.runParser 0
MAIN.MAIN;Main.main;Data.Aeson.Parser.Internal.jsonEOF;Data.Aeson.Parser.Internal.value;Data.Aeson.Parser.Internal.array_;Data.Aeson.Parser.Internal.jstring_;Data.Aeson.Parser.Internal.object_ 0
MAIN.MAIN;Main.main;Data.Aeson.Parser.Internal.jsonEOF;Data.Aeson.Parser.Internal.value;Data.Aeson.Parser.Internal.array_;Data.Aeson.Parser.Internal.jstring_;Data.Attoparsec.Internal.Types.fromPos 0
MAIN.MAIN;Main.main;Data.Aeson.Parser.Internal.jsonEOF;Data.Aeson.Parser.Internal.value;Data.Aeson.Parser.Internal.array_;Data.Aeson.Parser.Internal.jstring_;Data.Attoparsec.Internal.Types.runParser 0
MAIN.MAIN;Main.main;Data.Aeson.Parser.Internal.jsonEOF;Data.Aeson.Parser.Internal.value;Data.Aeson.Parser.Internal.array_;Data.Aeson.Parser.Internal.jstring_;Data.Text.Encoding.decodeUtf8With 0
MAIN.MAIN;Main.main;Data.Aeson.Parser.Internal.jsonEOF;Data.Aeson.Parser.Internal.value;Data.Aeson.Parser.Internal.array_;Data.Aeson.Parser.Internal.jstring_;Data.Text.Encoding.decodeUtf8With;Data.Text.Array.maBA 0
MAIN.MAIN;Main.main;Data.Aeson.Parser.Internal.jsonEOF;Data.Aeson.Parser.Internal.value;Data.Aeson.Parser.Internal.array_;Data.Attoparsec.Internal.Types.fromPos 0
MAIN.MAIN;Main.main;Data.Aeson.Parser.Internal.jsonEOF;Data.Aeson.Parser.Internal.value;Data.Aeson.Parser.Internal.array_;Data.Attoparsec.Internal.Types.runParser 0
MAIN.MAIN;Main.main;Data.Aeson.Parser.Internal.jsonEOF;Data.Aeson.Parser.Internal.value;Data.Aeson.Parser.Internal.jstring_ 220
MAIN.MAIN;Main.main;Data.Aeson.Parser.Internal.jsonEOF;Data.Aeson.Parser.Internal.value;Data.Aeson.Parser.Internal.jstring_;Data.Aeson.Parser.Internal.array_ 0
MAIN.MAIN;Main.main;Data.Aeson.Parser.Internal.jsonEOF;Data.Aeson.Parser.Internal.value;Data.Aeson.Parser.Internal.jstring_;Data.Aeson.Parser.Internal.array_;Data.Aeson.Parser.Internal.jstring 0
MAIN.MAIN;Main.main;Data.Aeson.Parser.Internal.jsonEOF;Data.Aeson.Parser.Internal.value;Data.Aeson.Parser.Internal.jstring_;Data.Aeson.Parser.Internal.array_;Data.Aeson.Parser.Internal.jstring;Data.Attoparsec.Internal.Types.fromPos 0
MAIN.MAIN;Main.main;Data.Aeson.Parser.Internal.jsonEOF;Data.Aeson.Parser.Internal.value;Data.Aeson.Parser.Internal.jstring_;Data.Aeson.Parser.Internal.array_;Data.Aeson.Parser.Internal.jstring;Data.Attoparsec.Internal.Types.runParser 0
MAIN.MAIN;Main.main;Data.Aeson.Parser.Internal.jsonEOF;Data.Aeson.Parser.Internal.value;Data.Aeson.Parser.Internal.jstring_;Data.Aeson.Parser.Internal.array_;Data.Aeson.Parser.Internal.object_ 0
MAIN.MAIN;Main.main;Data.Aeson.Parser.Internal.jsonEOF;Data.Aeson.Parser.Internal.value;Data.Aeson.Parser.Internal.jstring_;Data.Aeson.Parser.Internal.array_;Data.Attoparsec.Internal.Types.fromPos 0
MAIN.MAIN;Main.main;Data.Aeson.Parser.Internal.jsonEOF;Data.Aeson.Parser.Internal.value;Data.Aeson.Parser.Internal.jstring_;Data.Aeson.Parser.Internal.array_;Data.Attoparsec.Internal.Types.runParser 0
MAIN.MAIN;Main.main;Data.Aeson.Parser.Internal.jsonEOF;Data.Aeson.Parser.Internal.value;Data.Aeson.Parser.Internal.jstring_;Data.Aeson.Parser.Internal.array_;Data.HashMap.Strict.fromList 0
MAIN.MAIN;Main.main;Data.Aeson.Parser.Internal.jsonEOF;Data.Aeson.Parser.Internal.value;Data.Aeson.Parser.Internal.jstring_;Data.Aeson.Parser.Internal.array_;Data.HashMap.Strict.fromList;Data.HashMap.Base.unsafeInsert 0
MAIN.MAIN;Main.main;Data.Aeson.Parser.Internal.jsonEOF;Data.Aeson.Parser.Internal.value;Data.Aeson.Parser.Internal.jstring_;Data.Aeson.Parser.Internal.array_;Data.HashMap.Strict.fromList;Data.HashMap.Base.unsafeInsert;Data.HashMap.Array.copy 0
MAIN.MAIN;Main.main;Data.Aeson.Parser.Internal.jsonEOF;Data.Aeson.Parser.Internal.value;Data.Aeson.Parser.Internal.jstring_;Data.Aeson.Parser.Internal.array_;Data.HashMap.Strict.fromList;Data.HashMap.Base.unsafeInsert;Data.HashMap.Array.new_ 0
MAIN.MAIN;Main.main;Data.Aeson.Parser.Internal.jsonEOF;Data.Aeson.Parser.Internal.value;Data.Aeson.Parser.Internal.jstring_;Data.Aeson.Parser.Internal.array_;Data.HashMap.Strict.fromList;Data.HashMap.Base.unsafeInsert;Data.HashMap.Base.hash 0
MAIN.MAIN;Main.main;Data.Aeson.Parser.Internal.jsonEOF;Data.Aeson.Parser.Internal.value;Data.Aeson.Parser.Internal.jstring_;Data.Aeson.Parser.Internal.array_;Data.HashMap.Strict.fromList;Data.HashMap.Base.unsafeInsert;Data.HashMap.Base.hash;Data.Hashable.Class.hashByteArrayWithSalt 0
MAIN.MAIN;Main.main;Data.Aeson.Parser.Internal.jsonEOF;Data.Aeson.Parser.Internal.value;Data.Aeson.Parser.Internal.jstring_;Data.Aeson.Parser.Internal.array_;Data.HashMap.Strict.fromList;Data.HashMap.Base.unsafeInsert;Data.HashMap.Base.hash;Data.Text.Array.aBA 0
MAIN.MAIN;Main.main;Data.Aeson.Parser.Internal.jsonEOF;Data.Aeson.Parser.Internal.value;Data.Aeson.Parser.Internal.jstring_;Data.Aeson.Parser.Internal.array_;Data.HashMap.Strict.fromList;Data.HashMap.Base.unsafeInsert;Data.HashMap.Base.sparseIndex 0
MAIN.MAIN;Main.main;Data.Aeson.Parser.Internal.jsonEOF;Data.Aeson.Parser.Internal.value;Data.Aeson.Parser.Internal.jstring_;Data.Aeson.Parser.Internal.array_;Data.Primitive.Array.marray# 0
MAIN.MAIN;Main.main;Data.Aeson.Parser.Internal.jsonEOF;Data.Aeson.Parser.Internal.value;Data.Aeson.Parser.Internal.jstring_;Data.Aeson.Parser.Internal.array_;Data.Text.Encoding.decodeUtf8With 0
MAIN.MAIN;Main.main;Data.Aeson.Parser.Internal.jsonEOF;Data.Aeson.Parser.Internal.value;Data.Aeson.Parser.Internal.jstring_;Data.Aeson.Parser.Internal.array_;Data.Text.Encoding.decodeUtf8With;Data.Text.Array.maBA 0
MAIN.MAIN;Main.main;Data.Aeson.Parser.Internal.jsonEOF;Data.Aeson.Parser.Internal.value;Data.Aeson.Parser.Internal.jstring_;Data.Aeson.Parser.Internal.array_;Data.Vector.Fusion.Bundle.Monadic.sChunks 0
MAIN.MAIN;Main.main;Data.Aeson.Parser.Internal.jsonEOF;Data.Aeson.Parser.Internal.value;Data.Aeson.Parser.Internal.jstring_;Data.Aeson.Parser.Internal.array_;Data.Vector.Fusion.Bundle.Monadic.sSize 0
MAIN.MAIN;Main.main;Data.Aeson.Parser.Internal.jsonEOF;Data.Aeson.Parser.Internal.value;Data.Aeson.Parser.Internal.jstring_;Data.Aeson.Parser.Internal.array_;Data.Vector.Fusion.Bundle.Size.upperBound 0
MAIN.MAIN;Main.main;Data.Aeson.Parser.Internal.jsonEOF;Data.Aeson.Parser.Internal.value;Data.Aeson.Parser.Internal.jstring_;Data.Aeson.Parser.Internal.array_;Data.Vector.Fusion.Util.unId 0
MAIN.MAIN;Main.main;Data.Aeson.Parser.Internal.jsonEOF;Data.Aeson.Parser.Internal.value;Data.Aeson.Parser.Internal.jstring_;Data.Aeson.Parser.Internal.jstring 10
MAIN.MAIN;Main.main;Data.Aeson.Parser.Internal.jsonEOF;Data.Aeson.Parser.Internal.value;Data.Aeson.Parser.Internal.jstring_;Data.Aeson.Parser.Internal.jstring;Data.Attoparsec.Internal.Types.fromPos 0
MAIN.MAIN;Main.main;Data.Aeson.Parser.Internal.jsonEOF;Data.Aeson.Parser.Internal.value;Data.Aeson.Parser.Internal.jstring_;Data.Aeson.Parser.Internal.jstring;Data.Attoparsec.Internal.Types.runParser 0
MAIN.MAIN;Main.main;Data.Aeson.Parser.Internal.jsonEOF;Data.Aeson.Parser.Internal.value;Data.Aeson.Parser.Internal.jstring_;Data.Aeson.Parser.Internal.object_ 0
MAIN.MAIN;Main.main;Data.Aeson.Parser.Internal.jsonEOF;Data.Aeson.Parser.Internal.value;Data.Aeson.Parser.Internal.jstring_;Data.Aeson.Parser.Internal.object_;Data.Aeson.Parser.Internal.array_ 50
MAIN.MAIN;Main.main;Data.Aeson.Parser.Internal.jsonEOF;Data.Aeson.Parser.Internal.value;Data.Aeson.Parser.Internal.jstring_;Data.Aeson.Parser.Internal.object_;Data.Aeson.Parser.Internal.array_;Data.Aeson.Parser.Internal.jstring 0
MAIN.MAIN;Main.main;Data.Aeson.Parser.Internal.jsonEOF;Data.Aeson.Parser.Internal.value;Data.Aeson.Parser.Internal.jstring_;Data.Aeson.Parser.Internal.object_;Data.Aeson.Parser.Internal.array_;Data.Aeson.Parser.Internal.jstring;Data.Attoparsec.Internal.Types.fromPos 0
MAIN.MAIN;Main.main;Data.Aeson.Parser.Internal.jsonEOF;Data.Aeson.Parser.Internal.value;Data.Aeson.Parser.Internal.jstring_;Data.Aeson.Parser.Internal.object_;Data.Aeson.Parser.Internal.array_;Data.Aeson.Parser.Internal.jstring;Data.Attoparsec.Internal.Types.runParser 0
MAIN.MAIN;Main.main;Data.Aeson.Parser.Internal.jsonEOF;Data.Aeson.Parser.Internal.value;Data.Aeson.Parser.Internal.jstring_;Data.Aeson.Parser.Internal.object_;Data.Aeson.Parser.Internal.array_;Data.Attoparsec.Internal.Types.fromPos 0
MAIN.MAIN;Main.main;Data.Aeson.Parser.Internal.jsonEOF;Data.Aeson.Parser.Internal.value;Data.Aeson.Parser.Internal.jstring_;Data.Aeson.Parser.Internal.object_;Data.Aeson.Parser.Internal.array_;Data.Attoparsec.Internal.Types.runParser 0
MAIN.MAIN;Main.main;Data.Aeson.Parser.Internal.jsonEOF;Data.Aeson.Parser.Internal.value;Data.Aeson.Parser.Internal.jstring_;Data.Aeson.Parser.Internal.object_;Data.Aeson.Parser.Internal.array_;Data.HashMap.Strict.fromList 20
MAIN.MAIN;Main.main;Data.Aeson.Parser.Internal.jsonEOF;Data.Aeson.Parser.Internal.value;Data.Aeson.Parser.Internal.jstring_;Data.Aeson.Parser.Internal.object_;Data.Aeson.Parser.Internal.array_;Data.HashMap.Strict.fromList;Data.HashMap.Base.unsafeInsert 0
MAIN.MAIN;Main.main;Data.Aeson.Parser.Internal.jsonEOF;Data.Aeson.Parser.Internal.value;Data.Aeson.Parser.Internal.jstring_;Data.Aeson.Parser.Internal.object_;Data.Aeson.Parser.Internal.array_;Data.HashMap.Strict.fromList;Data.HashMap.Base.unsafeInsert;Data.HashMap.Array.copy 0
MAIN.MAIN;Main.main;Data.Aeson.Parser.Internal.jsonEOF;Data.Aeson.Parser.Internal.value;Data.Aeson.Parser.Internal.jstring_;Data.Aeson.Parser.Internal.object_;Data.Aeson.Parser.Internal.array_;Data.HashMap.Strict.fromList;Data.HashMap.Base.unsafeInsert;Data.HashMap.Array.new_ 0
MAIN.MAIN;Main.main;Data.Aeson.Parser.Internal.jsonEOF;Data.Aeson.Parser.Internal.value;Data.Aeson.Parser.Internal.jstring_;Data.Aeson.Parser.Internal.object_;Data.Aeson.Parser.Internal.array_;Data.HashMap.Strict.fromList;Data.HashMap.Base.unsafeInsert;Data.HashMap.Base.hash 0
MAIN.MAIN;Main.main;Data.Aeson.Parser.Internal.jsonEOF;Data.Aeson.Parser.Internal.value;Data.Aeson.Parser.Internal.jstring_;Data.Aeson.Parser.Internal.object_;Data.Aeson.Parser.Internal.array_;Data.HashMap.Strict.fromList;Data.HashMap.Base.unsafeInsert;Data.HashMap.Base.hash;Data.Hashable.Class.hashByteArrayWithSalt 0
MAIN.MAIN;Main.main;Data.Aeson.Parser.Internal.jsonEOF;Data.Aeson.Parser.Internal.value;Data.Aeson.Parser.Internal.jstring_;Data.Aeson.Parser.Internal.object_;Data.Aeson.Parser.Internal.array_;Data.HashMap.Strict.fromList;Data.HashMap.Base.unsafeInsert;Data.HashMap.Base.hash;Data.Text.Array.aBA 0
MAIN.MAIN;Main.main;Data.Aeson.Parser.Internal.jsonEOF;Data.Aeson.Parser.Internal.value;Data.Aeson.Parser.Internal.jstring_;Data.Aeson.Parser.Internal.object_;Data.Aeson.Parser.Internal.array_;Data.HashMap.Strict.fromList;Data.HashMap.Base.unsafeInsert;Data.HashMap.Base.sparseIndex 0
MAIN.MAIN;Main.main;Data.Aeson.Parser.Internal.jsonEOF;Data.Aeson.Parser.Internal.value;Data.Aeson.Parser.Internal.jstring_;Data.Aeson.Parser.Internal.object_;Data.Aeson.Parser.Internal.array_;Data.Primitive.Array.marray# 0
MAIN.MAIN;Main.main;Data.Aeson.Parser.Internal.jsonEOF;Data.Aeson.Parser.Internal.value;Data.Aeson.Parser.Internal.jstring_;Data.Aeson.Parser.Internal.object_;Data.Aeson.Parser.Internal.array_;Data.Text.Encoding.decodeUtf8With 0
MAIN.MAIN;Main.main;Data.Aeson.Parser.Internal.jsonEOF;Data.Aeson.Parser.Internal.value;Data.Aeson.Parser.Internal.jstring_;Data.Aeson.Parser.Internal.object_;Data.Aeson.Parser.Internal.array_;Data.Text.Encoding.decodeUtf8With;Data.Text.Array.maBA 0
MAIN.MAIN;Main.main;Data.Aeson.Parser.Internal.jsonEOF;Data.Aeson.Parser.Internal.value;Data.Aeson.Parser.Internal.jstring_;Data.Aeson.Parser.Internal.object_;Data.Aeson.Parser.Internal.array_;Data.Vector.Fusion.Bundle.Monadic.sChunks 0
MAIN.MAIN;Main.main;Data.Aeson.Parser.Internal.jsonEOF;Data.Aeson.Parser.Internal.value;Data.Aeson.Parser.Internal.jstring_;Data.Aeson.Parser.Internal.object_;Data.Aeson.Parser.Internal.array_;Data.Vector.Fusion.Bundle.Monadic.sSize 0
MAIN.MAIN;Main.main;Data.Aeson.Parser.Internal.jsonEOF;Data.Aeson.Parser.Internal.value;Data.Aeson.Parser.Internal.jstring_;Data.Aeson.Parser.Internal.object_;Data.Aeson.Parser.Internal.array_;Data.Vector.Fusion.Bundle.Size.upperBound 0
MAIN.MAIN;Main.main;Data.Aeson.Parser.Internal.jsonEOF;Data.Aeson.Parser.Internal.value;Data.Aeson.Parser.Internal.jstring_;Data.Aeson.Parser.Internal.object_;Data.Aeson.Parser.Internal.array_;Data.Vector.Fusion.Util.unId 0
MAIN.MAIN;Main.main;Data.Aeson.Parser.Internal.jsonEOF;Data.Aeson.Parser.Internal.value;Data.Aeson.Parser.Internal.jstring_;Data.Aeson.Parser.Internal.object_;Data.Aeson.Parser.Internal.jstring 0
MAIN.MAIN;Main.main;Data.Aeson.Parser.Internal.jsonEOF;Data.Aeson.Parser.Internal.value;Data.Aeson.Parser.Internal.jstring_;Data.Aeson.Parser.Internal.object_;Data.Aeson.Parser.Internal.jstring;Data.Attoparsec.Internal.Types.fromPos 0
MAIN.MAIN;Main.main;Data.Aeson.Parser.Internal.jsonEOF;Data.Aeson.Parser.Internal.value;Data.Aeson.Parser.Internal.jstring_;Data.Aeson.Parser.Internal.object_;Data.Aeson.Parser.Internal.jstring;Data.Attoparsec.Internal.Types.runParser 0
MAIN.MAIN;Main.main;Data.Aeson.Parser.Internal.jsonEOF;Data.Aeson.Parser.Internal.value;Data.Aeson.Parser.Internal.jstring_;Data.Aeson.Parser.Internal.object_;Data.Attoparsec.Internal.Types.fromPos 0
MAIN.MAIN;Main.main;Data.Aeson.Parser.Internal.jsonEOF;Data.Aeson.Parser.Internal.value;Data.Aeson.Parser.Internal.jstring_;Data.Aeson.Parser.Internal.object_;Data.Attoparsec.Internal.Types.runParser 0
MAIN.MAIN;Main.main;Data.Aeson.Parser.Internal.jsonEOF;Data.Aeson.Parser.Internal.value;Data.Aeson.Parser.Internal.jstring_;Data.Aeson.Parser.Internal.object_;Data.HashMap.Strict.fromList 0
MAIN.MAIN;Main.main;Data.Aeson.Parser.Internal.jsonEOF;Data.Aeson.Parser.Internal.value;Data.Aeson.Parser.Internal.jstring_;Data.Aeson.Parser.Internal.object_;Data.HashMap.Strict.fromList;Data.HashMap.Base.unsafeInsert 0
MAIN.MAIN;Main.main;Data.Aeson.Parser.Internal.jsonEOF;Data.Aeson.Parser.Internal.value;Data.Aeson.Parser.Internal.jstring_;Data.Aeson.Parser.Internal.object_;Data.HashMap.Strict.fromList;Data.HashMap.Base.unsafeInsert;Data.HashMap.Array.copy 0
MAIN.MAIN;Main.main;Data.Aeson.Parser.Internal.jsonEOF;Data.Aeson.Parser.Internal.value;Data.Aeson.Parser.Internal.jstring_;Data.Aeson.Parser.Internal.object_;Data.HashMap.Strict.fromList;Data.HashMap.Base.unsafeInsert;Data.HashMap.Array.new_ 0
MAIN.MAIN;Main.main;Data.Aeson.Parser.Internal.jsonEOF;Data.Aeson.Parser.Internal.value;Data.Aeson.Parser.Internal.jstring_;Data.Aeson.Parser.Internal.object_;Data.HashMap.Strict.fromList;Data.HashMap.Base.unsafeInsert;Data.HashMap.Base.hash 0
MAIN.MAIN;Main.main;Data.Aeson.Parser.Internal.jsonEOF;Data.Aeson.Parser.Internal.value;Data.Aeson.Parser.Internal.jstring_;Data.Aeson.Parser.Internal.object_;Data.HashMap.Strict.fromList;Data.HashMap.Base.unsafeInsert;Data.HashMap.Base.hash;Data.Hashable.Class.hashByteArrayWithSalt 0
MAIN.MAIN;Main.main;Data.Aeson.Parser.Internal.jsonEOF;Data.Aeson.Parser.Internal.value;Data.Aeson.Parser.Internal.jstring_;Data.Aeson.Parser.Internal.object_;Data.HashMap.Strict.fromList;Data.HashMap.Base.unsafeInsert;Data.HashMap.Base.hash;Data.Text.Array.aBA 0
MAIN.MAIN;Main.main;Data.Aeson.Parser.Internal.jsonEOF;Data.Aeson.Parser.Internal.value;Data.Aeson.Parser.Internal.jstring_;Data.Aeson.Parser.Internal.object_;Data.HashMap.Strict.fromList;Data.HashMap.Base.unsafeInsert;Data.HashMap.Base.sparseIndex 0
MAIN.MAIN;Main.main;Data.Aeson.Parser.Internal.jsonEOF;Data.Aeson.Parser.Internal.value;Data.Aeson.Parser.Internal.jstring_;Data.Aeson.Parser.Internal.object_;Data.Text.Encoding.decodeUtf8With 0
MAIN.MAIN;Main.main;Data.Aeson.Parser.Internal.jsonEOF;Data.Aeson.Parser.Internal.value;Data.Aeson.Parser.Internal.jstring_;Data.Aeson.Parser.Internal.object_;Data.Text.Encoding.decodeUtf8With;Data.Text.Array.maBA 0
MAIN.MAIN;Main.main;Data.Aeson.Parser.Internal.jsonEOF;Data.Aeson.Parser.Internal.value;Data.Aeson.Parser.Internal.jstring_;Data.Attoparsec.Internal.Types.fromPos 0
MAIN.MAIN;Main.main;Data.Aeson.Parser.Internal.jsonEOF;Data.Aeson.Parser.Internal.value;Data.Aeson.Parser.Internal.jstring_;Data.Attoparsec.Internal.Types.runParser 0
MAIN.MAIN;Main.main;Data.Aeson.Parser.Internal.jsonEOF;Data.Aeson.Parser.Internal.value;Data.Aeson.Parser.Internal.jstring_;Data.HashMap.Strict.fromList 20
MAIN.MAIN;Main.main;Data.Aeson.Parser.Internal.jsonEOF;Data.Aeson.Parser.Internal.value;Data.Aeson.Parser.Internal.jstring_;Data.HashMap.Strict.fromList;Data.HashMap.Base.unsafeInsert 20
MAIN.MAIN;Main.main;Data.Aeson.Parser.Internal.jsonEOF;Data.Aeson.Parser.Internal.value;Data.Aeson.Parser.Internal.jstring_;Data.HashMap.Strict.fromList;Data.HashMap.Base.unsafeInsert;Data.HashMap.Array.copy 20
MAIN.MAIN;Main.main;Data.Aeson.Parser.Internal.jsonEOF;Data.Aeson.Parser.Internal.value;Data.Aeson.Parser.Internal.jstring_;Data.HashMap.Strict.fromList;Data.HashMap.Base.unsafeInsert;Data.HashMap.Array.new_ 0
MAIN.MAIN;Main.main;Data.Aeson.Parser.Internal.jsonEOF;Data.Aeson.Parser.Internal.value;Data.Aeson.Parser.Internal.jstring_;Data.HashMap.Strict.fromList;Data.HashMap.Base.unsafeInsert;Data.HashMap.Base.hash 0
MAIN.MAIN;Main.main;Data.Aeson.Parser.Internal.jsonEOF;Data.Aeson.Parser.Internal.value;Data.Aeson.Parser.Internal.jstring_;Data.HashMap.Strict.fromList;Data.HashMap.Base.unsafeInsert;Data.HashMap.Base.hash;Data.Hashable.Class.hashByteArrayWithSalt 0
MAIN.MAIN;Main.main;Data.Aeson.Parser.Internal.jsonEOF;Data.Aeson.Parser.Internal.value;Data.Aeson.Parser.Internal.jstring_;Data.HashMap.Strict.fromList;Data.HashMap.Base.unsafeInsert;Data.HashMap.Base.hash;Data.Text.Array.aBA 0
MAIN.MAIN;Main.main;Data.Aeson.Parser.Internal.jsonEOF;Data.Aeson.Parser.Internal.value;Data.Aeson.Parser.Internal.jstring_;Data.HashMap.Strict.fromList;Data.HashMap.Base.unsafeInsert;Data.HashMap.Base.sparseIndex 0
MAIN.MAIN;Main.main;Data.Aeson.Parser.Internal.jsonEOF;Data.Aeson.Parser.Internal.value;Data.Aeson.Parser.Internal.jstring_;Data.Text.Encoding.decodeUtf8With 10
MAIN.MAIN;Main.main;Data.Aeson.Parser.Internal.jsonEOF;Data.Aeson.Parser.Internal.value;Data.Aeson.Parser.Internal.jstring_;Data.Text.Encoding.decodeUtf8With;Data.Text.Array.maBA 0
MAIN.MAIN;Main.main;Data.Aeson.Parser.Internal.jsonEOF;Data.Aeson.Parser.Internal.value;Data.Aeson.Parser.Internal.object_ 40
MAIN.MAIN;Main.main;Data.Aeson.Parser.Internal.jsonEOF;Data.Aeson.Parser.Internal.value;Data.Aeson.Parser.Internal.object_;Data.Aeson.Parser.Internal.jstring 10
MAIN.MAIN;Main.main;Data.Aeson.Parser.Internal.jsonEOF;Data.Aeson.Parser.Internal.value;Data.Aeson.Parser.Internal.object_;Data.Aeson.Parser.Internal.jstring;Data.Aeson.Parser.Internal.jstring_ 110
MAIN.MAIN;Main.main;Data.Aeson.Parser.Internal.jsonEOF;Data.Aeson.Parser.Internal.value;Data.Aeson.Parser.Internal.object_;Data.Aeson.Parser.Internal.jstring;Data.Aeson.Parser.Internal.jstring_;Data.Attoparsec.Internal.Types.fromPos 0
MAIN.MAIN;Main.main;Data.Aeson.Parser.Internal.jsonEOF;Data.Aeson.Parser.Internal.value;Data.Aeson.Parser.Internal.object_;Data.Aeson.Parser.Internal.jstring;Data.Aeson.Parser.Internal.jstring_;Data.Attoparsec.Internal.Types.runParser 0
MAIN.MAIN;Main.main;Data.Aeson.Parser.Internal.jsonEOF;Data.Aeson.Parser.Internal.value;Data.Aeson.Parser.Internal.object_;Data.Aeson.Parser.Internal.jstring;Data.Aeson.Parser.Internal.jstring_;Data.Text.Encoding.decodeUtf8With 0
MAIN.MAIN;Main.main;Data.Aeson.Parser.Internal.jsonEOF;Data.Aeson.Parser.Internal.value;Data.Aeson.Parser.Internal.object_;Data.Aeson.Parser.Internal.jstring;Data.Aeson.Parser.Internal.jstring_;Data.Text.Encoding.decodeUtf8With;Data.Text.Array.maBA 0
MAIN.MAIN;Main.main;Data.Aeson.Parser.Internal.jsonEOF;Data.Aeson.Parser.Internal.value;Data.Aeson.Parser.Internal.object_;Data.Aeson.Parser.Internal.jstring;Data.Attoparsec.Internal.Types.fromPos 0
MAIN.MAIN;Main.main;Data.Aeson.Parser.Internal.jsonEOF;Data.Aeson.Parser.Internal.value;Data.Aeson.Parser.Internal.object_;Data.Aeson.Parser.Internal.jstring;Data.Attoparsec.Internal.Types.runParser 0
MAIN.MAIN;Main.main;Data.Aeson.Parser.Internal.jsonEOF;Data.Aeson.Parser.Internal.value;Data.Aeson.Parser.Internal.object_;Data.Attoparsec.Internal.Types.fromPos 0
MAIN.MAIN;Main.main;Data.Aeson.Parser.Internal.jsonEOF;Data.Aeson.Parser.Internal.value;Data.Aeson.Parser.Internal.object_;Data.Attoparsec.Internal.Types.runParser 0
MAIN.MAIN;Main.main;Data.Aeson.Parser.Internal.jsonEOF;Data.Aeson.Parser.Internal.value;Data.Attoparsec.Internal.Types.fromPos 0
MAIN.MAIN;Main.main;Data.Aeson.Parser.Internal.jsonEOF;Data.Aeson.Parser.Internal.value;Data.Attoparsec.Internal.Types.runParser 0
MAIN.MAIN;Main.main;Data.Aeson.Parser.Internal.jsonEOF;Data.Aeson.Parser.Internal.value;Data.Scientific.scientific 10
MAIN.MAIN;Main.main;Data.Aeson.Parser.Internal.jsonEOF;Data.Attoparsec.Internal.Types.runParser 0
MAIN.MAIN;Main.main;Data.Aeson.Parser.Internal.jsonEOF;Data.Attoparsec.Internal.endOfInput 0
MAIN.MAIN;Main.main;Data.Aeson.Parser.Internal.jsonEOF;Data.Attoparsec.Internal.endOfInput;Data.Aeson.Parser.Internal.value 0
MAIN.MAIN;Main.main;Data.Aeson.Parser.Internal.jsonEOF;Data.Attoparsec.Internal.endOfInput;Data.Aeson.Parser.Internal.value;Data.Aeson.Parser.Internal.jstring_ 0
MAIN.MAIN;Main.main;Data.Aeson.Parser.Internal.jsonEOF;Data.Attoparsec.Internal.endOfInput;Data.Aeson.Parser.Internal.value;Data.Aeson.Parser.Internal.jstring_;Data.Aeson.Parser.Internal.object_ 0
MAIN.MAIN;Main.main;Data.Aeson.Parser.Internal.jsonEOF;Data.Attoparsec.Internal.endOfInput;Data.Aeson.Parser.Internal.value;Data.Aeson.Parser.Internal.jstring_;Data.Aeson.Parser.Internal.object_;Data.Attoparsec.Internal.Types.runParser 0
MAIN.MAIN;Main.main;Data.Attoparsec.ByteString.Buffer.buffer 0
MAIN.MAIN;Main.main;Data.Attoparsec.Internal.Types.runParser 0
MAIN.MAIN;Main.main;Data.Text.IO.putStrLn 0
MAIN.MAIN;Main.main;Data.Text.IO.putStrLn;Data.Text.IO.hPutStrLn 10
MAIN.MAIN;Main.main;Data.Text.IO.putStrLn;Data.Text.IO.hPutStrLn;Data.Text.IO.hPutStr 0
MAIN.MAIN;Main.main;Main.buildFlames 50
MAIN.MAIN;Main.main;Main.buildFlames;Data.List.Extra.groupSort 0
MAIN.MAIN;Main.main;Main.buildFlames;Data.List.Extra.groupSort;Data.List.Extra.groupOn 0
MAIN.MAIN;Main.main;Main.buildFlames;Data.List.Extra.groupSort;Data.List.Extra.groupOn;Main.== 0
MAIN.MAIN;Main.main;Main.buildFlames;Data.List.Extra.groupSort;Data.List.Extra.groupOn;Main.==;Main.== 0
MAIN.MAIN;Main.main;Main.buildFlames;Data.List.Extra.groupSort;Data.List.Extra.groupOn;Main.==;Main.== 0
MAIN.MAIN;Main.main;Main.buildFlames;Data.List.Extra.groupSort;Data.List.Extra.groupOn;Main.==;Main.==;Data.Text.Array.aBA 0
MAIN.MAIN;Main.main;Main.buildFlames;Data.List.Extra.groupSort;Data.List.Extra.groupOn;Main.==;Main.==;Data.Text.Array.aBA 0
MAIN.MAIN;Main.main;Main.buildFlames;Data.List.Extra.groupSort;Main.compare 0
MAIN.MAIN;Main.main;Main.buildFlames;Data.List.Extra.groupSort;Main.compare;Main.compare 10
MAIN.MAIN;Main.main;Main.buildFlames;Data.List.Extra.groupSort;Main.compare;Main.compare 10
MAIN.MAIN;Main.main;Main.buildFlames;Data.Map.Internal.keys 0
MAIN.MAIN;Main.main;Main.buildFlames;Data.Map.Strict.Internal.fromList 0
MAIN.MAIN;Main.main;Main.buildFlames;Data.Map.Strict.Internal.fromList;Data.Map.Internal.balanceL 0
MAIN.MAIN;Main.main;Main.buildFlames;Data.Map.Strict.Internal.fromList;Data.Map.Internal.balanceR 10
MAIN.MAIN;Main.main;Main.buildFlames;Data.Map.Strict.Internal.fromList;Data.Map.Internal.insertMax 0
MAIN.MAIN;Main.main;Main.buildFlames;Data.Map.Strict.Internal.fromList;Data.Map.Internal.insertMax;Data.Map.Internal.balanceR 0
MAIN.MAIN;Main.main;Main.buildFlames;Data.Map.Strict.Internal.fromList;Data.Map.Internal.link 0
MAIN.MAIN;Main.main;Main.buildFlames;Data.Map.Strict.Internal.fromList;Main.>= 0
MAIN.MAIN;Main.main;Main.buildFlames;Data.Map.Strict.Internal.fromList;Main.>=;Main.< 0
MAIN.MAIN;Main.main;Main.buildFlames;Data.Map.Strict.Internal.fromList;Main.compare 10
MAIN.MAIN;Main.main;Main.buildFlames;Interval.interval 0
MAIN.MAIN;Main.main;Main.buildFlames;Main.== 10
MAIN.MAIN;Main.main;Main.buildFlames;Main.==;Main.== 0
MAIN.MAIN;Main.main;Main.buildFlames;Main.==;Main.== 20
MAIN.MAIN;Main.main;Main.buildFlames;Main.==;Main.==;Data.Text.Array.aBA 0
MAIN.MAIN;Main.main;Main.buildFlames;Main.==;Main.==;Data.Text.Array.aBA 0
MAIN.MAIN;Main.main;Main.buildFlames;Main.compare 10
MAIN.MAIN;Main.main;Main.buildLookup 0
MAIN.MAIN;Main.main;Main.buildStacks 10
MAIN.MAIN;Main.main;Main.buildStacks;Main.== 10
MAIN.MAIN;Main.main;Main.buildStacks;Main.==;Data.Text.Array.aBA 0
MAIN.MAIN;Main.main;Main.buildStacks;Main.selftime 0
MAIN.MAIN;Main.main;Main.buildStacks;Main.selftime;Interval.measure 0
MAIN.MAIN;Main.main;Main.buildStacks;Main.selftime;Interval.measure;Interval.width 0
MAIN.MAIN;Main.main;Main.buildStacks;Main.selftime;Interval.width 0
MAIN.MAIN;Main.main;Main.buildStacks;Main.selftime;Main.$sel:children:Flame 0
MAIN.MAIN;Main.main;Main.buildStacks;Main.selftime;Main.$sel:time:Flame 0
MAIN.MAIN;Main.main;Main.drawStack 0
MAIN.MAIN;Main.main;Main.drawStack;Data.Text.Array.maBA 0
MAIN.MAIN;Main.main;Main.drawStack;Data.Text.concat 10
MAIN.MAIN;Main.main;Main.drawStack;Data.Text.concat;Data.Text.Array.run 10
MAIN.MAIN;Main.main;Main.drawStack;Data.Text.concat;Data.Text.Array.run;Data.Text.Array.aBA 0
MAIN.MAIN;Main.main;Main.drawStack;Data.Text.concat;Data.Text.Array.run;Data.Text.Array.maBA 0
MAIN.MAIN;Main.main;Main.drawStack;Main.$sel:unName:Name 0
MAIN.MAIN;Main.main;Main.parseJSON 0
MAIN.MAIN;Main.main;Main.parseJSON;Data.Aeson.Types.FromJSON.genericParseJSON 0
MAIN.MAIN;Main.main;Main.parseJSON;Data.Aeson.Types.FromJSON.genericParseJSON;Data.Aeson.Types.Internal.<?> 0
MAIN.MAIN;Main.main;Main.parseJSON;Data.Aeson.Types.FromJSON.genericParseJSON;Data.Aeson.Types.Internal.fieldLabelModifier 0
MAIN.MAIN;Main.main;Main.parseJSON;Data.Aeson.Types.FromJSON.genericParseJSON;Data.HashMap.Base.lookup 0
MAIN.MAIN;Main.main;Main.parseJSON;Data.Aeson.Types.FromJSON.genericParseJSON;Data.HashMap.Base.lookup;Data.HashMap.Base.hash 0
MAIN.MAIN;Main.main;Main.parseJSON;Data.Aeson.Types.FromJSON.genericParseJSON;Data.HashMap.Base.lookup;Data.HashMap.Base.hash;Data.Hashable.Class.hashByteArrayWithSalt 0
MAIN.MAIN;Main.main;Main.parseJSON;Data.Aeson.Types.FromJSON.genericParseJSON;Data.HashMap.Base.lookup;Data.HashMap.Base.hash;Data.Text.Array.aBA 0
MAIN.MAIN;Main.main;Main.parseJSON;Data.Aeson.Types.FromJSON.genericParseJSON;Data.HashMap.Base.lookup;Data.HashMap.Base.sparseIndex 0
MAIN.MAIN;Main.main;Main.parseJSON;Data.Aeson.Types.FromJSON.genericParseJSON;Data.HashMap.Base.lookup;Data.Text.Array.aBA 0
MAIN.MAIN;Main.main;Main.parseJSON;Data.Aeson.Types.FromJSON.genericParseJSON;Data.Tagged.unTagged 0
MAIN.MAIN;Main.main;Main.parseJSON;Data.Aeson.Types.FromJSON.genericParseJSON;Data.Text.Array.maBA 0
MAIN.MAIN;Main.main;Main.parseJSON;Data.Aeson.Types.Internal.<?> 0
MAIN.MAIN;Main.main;Main.parseJSON;Data.Aeson.Types.Internal.<?>;Data.Aeson.Types.FromJSON.genericParseJSON 90
MAIN.MAIN;Main.main;Main.parseJSON;Data.Aeson.Types.Internal.<?>;Data.Aeson.Types.FromJSON.genericParseJSON;Data.Aeson.Types.Internal.fieldLabelModifier 10
MAIN.MAIN;Main.main;Main.parseJSON;Data.Aeson.Types.Internal.<?>;Data.Aeson.Types.FromJSON.genericParseJSON;Data.HashMap.Array.new_ 0
MAIN.MAIN;Main.main;Main.parseJSON;Data.Aeson.Types.Internal.<?>;Data.Aeson.Types.FromJSON.genericParseJSON;Data.HashMap.Array.toList 0
MAIN.MAIN;Main.main;Main.parseJSON;Data.Aeson.Types.Internal.<?>;Data.Aeson.Types.FromJSON.genericParseJSON;Data.HashMap.Base.lookup 10
MAIN.MAIN;Main.main;Main.parseJSON;Data.Aeson.Types.Internal.<?>;Data.Aeson.Types.FromJSON.genericParseJSON;Data.HashMap.Base.lookup;Data.HashMap.Base.hash 0
MAIN.MAIN;Main.main;Main.parseJSON;Data.Aeson.Types.Internal.<?>;Data.Aeson.Types.FromJSON.genericParseJSON;Data.HashMap.Base.lookup;Data.HashMap.Base.hash;Data.Hashable.Class.hashByteArrayWithSalt 10
MAIN.MAIN;Main.main;Main.parseJSON;Data.Aeson.Types.Internal.<?>;Data.Aeson.Types.FromJSON.genericParseJSON;Data.HashMap.Base.lookup;Data.HashMap.Base.hash;Data.Text.Array.aBA 0
MAIN.MAIN;Main.main;Main.parseJSON;Data.Aeson.Types.Internal.<?>;Data.Aeson.Types.FromJSON.genericParseJSON;Data.HashMap.Base.lookup;Data.HashMap.Base.sparseIndex 0
MAIN.MAIN;Main.main;Main.parseJSON;Data.Aeson.Types.Internal.<?>;Data.Aeson.Types.FromJSON.genericParseJSON;Data.HashMap.Base.lookup;Data.Text.Array.aBA 0
MAIN.MAIN;Main.main;Main.parseJSON;Data.Aeson.Types.Internal.<?>;Data.Aeson.Types.FromJSON.genericParseJSON;Data.Map.Internal.insert 0
MAIN.MAIN;Main.main;Main.parseJSON;Data.Aeson.Types.Internal.<?>;Data.Aeson.Types.FromJSON.genericParseJSON;Data.Map.Internal.insert;Data.Map.Internal.balanceL 0
MAIN.MAIN;Main.main;Main.parseJSON;Data.Aeson.Types.Internal.<?>;Data.Aeson.Types.FromJSON.genericParseJSON;Data.Map.Internal.insert;Data.Map.Internal.balanceR 0
MAIN.MAIN;Main.main;Main.parseJSON;Data.Aeson.Types.Internal.<?>;Data.Aeson.Types.FromJSON.genericParseJSON;Data.Primitive.Array.array# 0
MAIN.MAIN;Main.main;Main.parseJSON;Data.Aeson.Types.Internal.<?>;Data.Aeson.Types.FromJSON.genericParseJSON;Data.Scientific.base10Exponent 0
MAIN.MAIN;Main.main;Main.parseJSON;Data.Aeson.Types.Internal.<?>;Data.Aeson.Types.FromJSON.genericParseJSON;Data.Scientific.floatingOrInteger 0
MAIN.MAIN;Main.main;Main.parseJSON;Data.Aeson.Types.Internal.<?>;Data.Aeson.Types.FromJSON.genericParseJSON;Data.Scientific.floatingOrInteger;Data.Primitive.Array.array# 0
MAIN.MAIN;Main.main;Main.parseJSON;Data.Aeson.Types.Internal.<?>;Data.Aeson.Types.FromJSON.genericParseJSON;Data.Scientific.floatingOrInteger;Data.Scientific.base10Exponent 0
MAIN.MAIN;Main.main;Main.parseJSON;Data.Aeson.Types.Internal.<?>;Data.Aeson.Types.FromJSON.genericParseJSON;Data.Tagged.unTagged 0
MAIN.MAIN;Main.main;Main.parseJSON;Data.Aeson.Types.Internal.<?>;Data.Aeson.Types.FromJSON.genericParseJSON;Data.Text.Array.maBA 0
MAIN.MAIN;Main.main;Main.parseJSON;Data.Aeson.Types.Internal.<?>;Data.Aeson.Types.FromJSON.genericParseJSON;Data.Vector.Fusion.Util.unId 0
MAIN.MAIN;Main.main;Main.parseJSON;Data.Aeson.Types.Internal.<?>;Data.Aeson.Types.FromJSON.genericParseJSON;Main.parseJSON 0
MAIN.MAIN;Main.main;Main.parseJSON;Data.Aeson.Types.Internal.<?>;Data.Aeson.Types.FromJSON.genericParseJSON;Main.parseJSON 0
MAIN.MAIN;Main.main;Main.parseJSON;Data.Aeson.Types.Internal.<?>;Data.Aeson.Types.FromJSON.genericParseJSON;Main.parseJSON 0
MAIN.MAIN;Main.main;Main.parseJSON;Data.Aeson.Types.Internal.<?>;Data.Aeson.Types.FromJSON.genericParseJSON;Main.parseJSON 0
MAIN.MAIN;Main.main;Main.parseJSON;Data.Aeson.Types.Internal.<?>;Data.Aeson.Types.FromJSON.genericParseJSON;Main.parseJSON;Main.parseJSON 0
MAIN.MAIN;Main.main;Main.parseJSON;Data.Aeson.Types.Internal.<?>;Data.Aeson.Types.FromJSON.genericParseJSON;Main.parseJSON;Main.parseJSON 0
MAIN.MAIN;Main.main;Main.parseJSON;Data.Aeson.Types.Internal.<?>;Data.Aeson.Types.FromJSON.genericParseJSON;Main.parseJSON;Main.parseJSON 0
MAIN.MAIN;Main.main;Main.parseJSON;Data.Aeson.Types.Internal.<?>;Data.Aeson.Types.FromJSON.genericParseJSON;Main.parseJSON;Main.parseJSON 0
MAIN.MAIN;Main.main;Main.parseJSON;Data.Aeson.Types.Internal.<?>;Data.Aeson.Types.FromJSON.genericParseJSON;Main.parseJSON;Main.parseJSON 0
MAIN.MAIN;Main.main;Main.parseJSON;Data.Aeson.Types.Internal.<?>;Data.Aeson.Types.FromJSON.genericParseJSON;Main.parseJSON;Main.parseJSON;Main.parseJSON 0
MAIN.MAIN;Main.main;Main.parseJSON;Data.Aeson.Types.Internal.<?>;Data.Aeson.Types.FromJSON.genericParseJSON;Main.parseJSON;Main.parseJSON;Main.parseJSON 0
MAIN.MAIN;Main.main;Main.parseJSON;Data.Aeson.Types.Internal.<?>;Data.Aeson.Types.FromJSON.genericParseJSON;Main.parseJSON;Main.parseJSON;Main.parseJSON 0
MAIN.MAIN;Main.main;Main.parseJSON;Data.Aeson.Types.Internal.<?>;Data.Aeson.Types.FromJSON.genericParseJSON;Main.parseJSON;Main.parseJSON;Main.parseJSON 0
MAIN.MAIN;Main.main;Main.parseJSON;Data.Aeson.Types.Internal.<?>;Data.Aeson.Types.FromJSON.genericParseJSON;Main.parseJSON;Main.parseJSON;Main.parseJSON 0
MAIN.MAIN;Main.main;Main.parseJSON;Data.Aeson.Types.Internal.<?>;Data.Aeson.Types.FromJSON.genericParseJSON;Main.parseJSON;Main.parseJSON;Main.parseJSON;Main.parseJSON 0
MAIN.MAIN;Main.main;Main.parseJSON;Data.Aeson.Types.Internal.<?>;Data.Aeson.Types.FromJSON.genericParseJSON;Main.parseJSON;Main.parseJSON;Main.parseJSON;Main.parseJSON 0
MAIN.MAIN;Main.main;Main.parseJSON;Data.Aeson.Types.Internal.<?>;Data.Aeson.Types.FromJSON.genericParseJSON;Main.parseJSON;Main.parseJSON;Main.parseJSON;Main.parseJSON 0
MAIN.MAIN;Main.main;Main.parseJSON;Data.HashMap.Base.lookup 0
MAIN.MAIN;Main.main;Main.parseJSON;Data.HashMap.Base.lookup;Data.HashMap.Base.hash 0
MAIN.MAIN;Main.main;Main.parseJSON;Data.HashMap.Base.lookup;Data.HashMap.Base.hash;Data.Hashable.Class.hashByteArrayWithSalt 0
MAIN.MAIN;Main.main;Main.parseJSON;Data.HashMap.Base.lookup;Data.HashMap.Base.hash;Data.Text.Array.aBA 0
MAIN.MAIN;Main.main;Main.parseJSON;Data.HashMap.Base.lookup;Data.HashMap.Base.sparseIndex 0
MAIN.MAIN;Main.main;Main.parseJSON;Data.HashMap.Base.lookup;Data.Text.Array.aBA 0
MAIN.MAIN;Main.main;Main.parseJSON;Data.Primitive.Array.array# 0
MAIN.MAIN;Main.main;Main.parseJSON;Data.Vector.Fusion.Util.unId 0
MAIN.MAIN;Main.main;Options.Applicative.Extra.execParser 0
MAIN.MAIN;Main.main;Options.Applicative.Extra.execParser;Options.Applicative.Extra.customExecParser 0
MAIN.MAIN;Main.main;Options.Applicative.Extra.execParser;Options.Applicative.Extra.customExecParser;Options.Applicative.Extra.execParserPure 0
MAIN.MAIN;Main.main;Options.Applicative.Extra.execParser;Options.Applicative.Extra.customExecParser;Options.Applicative.Extra.execParserPure;Options.Applicative.Internal.runP 0
MAIN.MAIN;Main.main;Options.Applicative.Extra.execParser;Options.Applicative.Extra.customExecParser;Options.Applicative.Extra.execParserPure;Options.Applicative.Internal.runP;Options.Applicative.BashCompletion.bashCompletionParser 0
MAIN.MAIN;Main.main;Options.Applicative.Extra.execParser;Options.Applicative.Extra.customExecParser;Options.Applicative.Extra.execParserPure;Options.Applicative.Internal.runP;Options.Applicative.Common.runParserInfo 0
MAIN.MAIN;Main.main;Options.Applicative.Extra.execParser;Options.Applicative.Extra.customExecParser;Options.Applicative.Extra.execParserPure;Options.Applicative.Internal.runP;Options.Applicative.Common.runParserInfo;Options.Applicative.Common.runParserFully 0
MAIN.MAIN;Main.main;Options.Applicative.Extra.execParser;Options.Applicative.Extra.customExecParser;Options.Applicative.Extra.execParserPure;Options.Applicative.Internal.runP;Options.Applicative.Common.runParserInfo;Options.Applicative.Common.runParserFully;Options.Applicative.Common.runParser 0
MAIN.MAIN;Main.main;Options.Applicative.Extra.execParser;Options.Applicative.Extra.customExecParser;Options.Applicative.Extra.execParserPure;Options.Applicative.Internal.runP;Options.Applicative.Common.runParserInfo;Options.Applicative.Common.runParserFully;Options.Applicative.Common.runParser;Main.optionsParser 0
MAIN.MAIN;Main.main;Options.Applicative.Extra.execParser;Options.Applicative.Extra.customExecParser;Options.Applicative.Extra.execParserPure;Options.Applicative.Internal.runP;Options.Applicative.Common.runParserInfo;Options.Applicative.Common.runParserFully;Options.Applicative.Common.runParser;Main.optionsParser;Options.Applicative.Types.fromM 0
MAIN.MAIN;Main.main;Options.Applicative.Extra.execParser;Options.Applicative.Extra.customExecParser;Options.Applicative.Extra.execParserPure;Options.Applicative.Internal.runP;Options.Applicative.Common.runParserInfo;Options.Applicative.Common.runParserFully;Options.Applicative.Common.runParser;Main.optionsParser;Options.Applicative.Types.fromM;Options.Applicative.Types.manyM 0
MAIN.MAIN;Main.main;Options.Applicative.Extra.execParser;Options.Applicative.Extra.customExecParser;Options.Applicative.Extra.execParserPure;Options.Applicative.Internal.runP;Options.Applicative.Common.runParserInfo;Options.Applicative.Common.runParserFully;Options.Applicative.Common.runParser;Main.optionsParser;Options.Applicative.Types.fromM;Options.Applicative.Types.manyM;Options.Applicative.Types.runParserM 0
MAIN.MAIN;Main.main;Options.Applicative.Extra.execParser;Options.Applicative.Extra.customExecParser;Options.Applicative.Extra.execParserPure;Options.Applicative.Internal.runP;Options.Applicative.Common.runParserInfo;Options.Applicative.Common.runParserFully;Options.Applicative.Common.runParser;Options.Applicative.BashCompletion.bashCompletionParser 0
MAIN.MAIN;Main.main;Options.Applicative.Extra.execParser;Options.Applicative.Extra.customExecParser;Options.Applicative.Extra.execParserPure;Options.Applicative.Internal.runP;Options.Applicative.Common.runParserInfo;Options.Applicative.Common.runParserFully;Options.Applicative.Common.runParser;Options.Applicative.BashCompletion.bashCompletionParser;Options.Applicative.Types.fromM 0
MAIN.MAIN;Main.main;Options.Applicative.Extra.execParser;Options.Applicative.Extra.customExecParser;Options.Applicative.Extra.execParserPure;Options.Applicative.Internal.runP;Options.Applicative.Common.runParserInfo;Options.Applicative.Common.runParserFully;Options.Applicative.Common.runParser;Options.Applicative.BashCompletion.bashCompletionParser;Options.Applicative.Types.fromM;Options.Applicative.Types.manyM 0
MAIN.MAIN;Main.main;Options.Applicative.Extra.execParser;Options.Applicative.Extra.customExecParser;Options.Applicative.Extra.execParserPure;Options.Applicative.Internal.runP;Options.Applicative.Common.runParserInfo;Options.Applicative.Common.runParserFully;Options.Applicative.Common.runParser;Options.Applicative.BashCompletion.bashCompletionParser;Options.Applicative.Types.fromM;Options.Applicative.Types.manyM;Options.Applicative.Types.runParserM 0
MAIN.MAIN;Main.main;Options.Applicative.Extra.execParser;Options.Applicative.Extra.customExecParser;Options.Applicative.Extra.execParserPure;Options.Applicative.Internal.runP;Options.Applicative.Common.runParserInfo;Options.Applicative.Common.runParserFully;Options.Applicative.Common.runParser;Options.Applicative.Common.evalParser 0
MAIN.MAIN;Main.main;Options.Applicative.Extra.execParser;Options.Applicative.Extra.customExecParser;Options.Applicative.Extra.execParserPure;Options.Applicative.Internal.runP;Options.Applicative.Common.runParserInfo;Options.Applicative.Common.runParserFully;Options.Applicative.Common.runParser;Options.Applicative.Common.evalParser;Main.optionsParser 0
MAIN.MAIN;Main.main;Options.Applicative.Extra.execParser;Options.Applicative.Extra.customExecParser;Options.Applicative.Extra.execParserPure;Options.Applicative.Internal.runP;Options.Applicative.Common.runParserInfo;Options.Applicative.Common.runParserFully;Options.Applicative.Common.runParser;Options.Applicative.Common.evalParser;Main.optionsParser;Options.Applicative.Types.fromM 0
MAIN.MAIN;Main.main;Options.Applicative.Extra.execParser;Options.Applicative.Extra.customExecParser;Options.Applicative.Extra.execParserPure;Options.Applicative.Internal.runP;Options.Applicative.Common.runParserInfo;Options.Applicative.Common.runParserFully;Options.Applicative.Common.runParser;Options.Applicative.Common.evalParser;Main.optionsParser;Options.Applicative.Types.fromM;Options.Applicative.Types.manyM 0
MAIN.MAIN;Main.main;Options.Applicative.Extra.execParser;Options.Applicative.Extra.customExecParser;Options.Applicative.Extra.execParserPure;Options.Applicative.Internal.runP;Options.Applicative.Common.runParserInfo;Options.Applicative.Common.runParserFully;Options.Applicative.Common.runParser;Options.Applicative.Common.evalParser;Main.optionsParser;Options.Applicative.Types.fromM;Options.Applicative.Types.manyM;Options.Applicative.Types.oneM 0
MAIN.MAIN;Main.main;Options.Applicative.Extra.execParser;Options.Applicative.Extra.customExecParser;Options.Applicative.Extra.execParserPure;Options.Applicative.Internal.runP;Options.Applicative.Common.runParserInfo;Options.Applicative.Common.runParserFully;Options.Applicative.Common.runParser;Options.Applicative.Common.evalParser;Main.optionsParser;Options.Applicative.Types.fromM;Options.Applicative.Types.manyM;Options.Applicative.Types.runParserM 0
MAIN.MAIN;Main.main;Options.Applicative.Extra.execParser;Options.Applicative.Extra.customExecParser;Options.Applicative.Extra.execParserPure;Options.Applicative.Internal.runP;Options.Applicative.Common.runParserInfo;Options.Applicative.Common.runParserFully;Options.Applicative.Common.runParser;Options.Applicative.Internal.<!> 0
MAIN.MAIN;Main.main;Options.Applicative.Extra.execParser;Options.Applicative.Extra.customExecParser;Options.Applicative.Extra.execParserPure;Options.Applicative.Internal.runP;Options.Applicative.Common.runParserInfo;Options.Applicative.Common.runParserFully;Options.Applicative.Common.runParser;Options.Applicative.Internal.disamb 0
MAIN.MAIN;Main.main;Options.Applicative.Extra.execParser;Options.Applicative.Extra.customExecParser;Options.Applicative.Extra.execParserPure;Options.Applicative.Internal.runP;Options.Applicative.Common.runParserInfo;Options.Applicative.Common.runParserFully;Options.Applicative.Common.runParser;Options.Applicative.Internal.disamb;Options.Applicative.Internal.runListT 0
MAIN.MAIN;Main.main;Options.Applicative.Extra.execParser;Options.Applicative.Extra.customExecParser;Options.Applicative.Extra.execParserPure;Options.Applicative.Internal.runP;Options.Applicative.Common.runParserInfo;Options.Applicative.Common.runParserFully;Options.Applicative.Common.runParser;Options.Applicative.Internal.disamb;Options.Applicative.Internal.runListT;Options.Applicative.Internal.takeListT 0
MAIN.MAIN;Main.main;Options.Applicative.Extra.execParser;Options.Applicative.Extra.customExecParser;Options.Applicative.Extra.execParserPure;Options.Applicative.Internal.runP;Options.Applicative.Common.runParserInfo;Options.Applicative.Common.runParserFully;Options.Applicative.Common.runParser;Options.Applicative.Internal.disamb;Options.Applicative.Internal.runListT;Options.Applicative.Internal.takeListT;Options.Applicative.Internal.<!> 0
MAIN.MAIN;Main.main;Options.Applicative.Extra.execParser;Options.Applicative.Extra.customExecParser;Options.Applicative.Extra.execParserPure;Options.Applicative.Internal.runP;Options.Applicative.Common.runParserInfo;Options.Applicative.Common.runParserFully;Options.Applicative.Common.runParser;Options.Applicative.Internal.disamb;Options.Applicative.Internal.runListT;Options.Applicative.Internal.takeListT;Options.Applicative.Internal.<!>;Options.Applicative.Internal.runReadM 0
MAIN.MAIN;Main.main;Options.Applicative.Extra.execParser;Options.Applicative.Extra.customExecParser;Options.Applicative.Extra.execParserPure;Options.Applicative.Internal.runP;Options.Applicative.Common.runParserInfo;Options.Applicative.Common.runParserFully;Options.Applicative.Common.runParser;Options.Applicative.Internal.disamb;Options.Applicative.Internal.runListT;Options.Applicative.Internal.takeListT;Options.Applicative.Internal.<!>;Options.Applicative.Internal.runReadM;Options.Applicative.Internal.hoistEither 0
MAIN.MAIN;Main.main;Options.Applicative.Extra.execParser;Options.Applicative.Extra.customExecParser;Options.Applicative.Extra.execParserPure;Options.Applicative.Internal.runP;Options.Applicative.Common.runParserInfo;Options.Applicative.Common.runParserFully;Options.Applicative.Common.runParser;Options.Applicative.Internal.disamb;Options.Applicative.Internal.runListT;Options.Applicative.Internal.takeListT;Options.Applicative.Internal.<!>;Options.Applicative.Internal.runReadM;Options.Applicative.Internal.withReadM 0
MAIN.MAIN;Main.main;Options.Applicative.Extra.execParser;Options.Applicative.Extra.customExecParser;Options.Applicative.Extra.execParserPure;Options.Applicative.Internal.runP;Options.Applicative.Common.runParserInfo;Options.Applicative.Common.runParserFully;Options.Applicative.Common.runParser;Options.Applicative.Internal.disamb;Options.Applicative.Internal.runListT;Options.Applicative.Internal.takeListT;Options.Applicative.Internal.<!>;Options.Applicative.Internal.runReadM;Options.Applicative.Internal.withReadM;Options.Applicative.Types.crReader 0
MAIN.MAIN;Main.main;Options.Applicative.Extra.execParser;Options.Applicative.Extra.customExecParser;Options.Applicative.Extra.execParserPure;Options.Applicative.Internal.runP;Options.Applicative.Common.runParserInfo;Options.Applicative.Common.runParserFully;Options.Applicative.Common.runParser;Options.Applicative.Internal.disamb;Options.Applicative.Internal.runListT;Options.Applicative.Internal.takeListT;Options.Applicative.Internal.<!>;Options.Applicative.Internal.runReadM;Options.Applicative.Internal.withReadM;Options.Applicative.Types.crReader;Main.optionsParser 0
MAIN.MAIN;Main.main;Options.Applicative.Extra.execParser;Options.Applicative.Extra.customExecParser;Options.Applicative.Extra.execParserPure;Options.Applicative.Internal.runP;Options.Applicative.Common.runParserInfo;Options.Applicative.Common.runParserFully;Options.Applicative.Common.runParser;Options.Applicative.Internal.disamb;Options.Applicative.Internal.runListT;Options.Applicative.Internal.takeListT;Options.Applicative.Internal.<!>;Options.Applicative.Internal.runReadM;Options.Applicative.Internal.withReadM;Options.Applicative.Types.crReader;Main.optionsParser;Options.Applicative.Builder.strOption 0
MAIN.MAIN;Main.main;Options.Applicative.Extra.execParser;Options.Applicative.Extra.customExecParser;Options.Applicative.Extra.execParserPure;Options.Applicative.Internal.runP;Options.Applicative.Common.runParserInfo;Options.Applicative.Common.runParserFully;Options.Applicative.Common.runParser;Options.Applicative.Internal.disamb;Options.Applicative.Internal.runListT;Options.Applicative.Internal.takeListT;Options.Applicative.Internal.<!>;Options.Applicative.Internal.runReadM;Options.Applicative.Internal.withReadM;Options.Applicative.Types.crReader;Main.optionsParser;Options.Applicative.Builder.strOption;Options.Applicative.Builder.str 0
MAIN.MAIN;Main.main;Options.Applicative.Extra.execParser;Options.Applicative.Extra.customExecParser;Options.Applicative.Extra.execParserPure;Options.Applicative.Internal.runP;Options.Applicative.Common.runParserInfo;Options.Applicative.Common.runParserFully;Options.Applicative.Common.runParser;Options.Applicative.Internal.disamb;Options.Applicative.Internal.runListT;Options.Applicative.Internal.takeListT;Options.Applicative.Internal.<!>;Options.Applicative.Internal.runReadM;Options.Applicative.Internal.withReadM;Options.Applicative.Types.crReader;Main.optionsParser;Options.Applicative.Types.fromM 0
MAIN.MAIN;Main.main;Options.Applicative.Extra.execParser;Options.Applicative.Extra.customExecParser;Options.Applicative.Extra.execParserPure;Options.Applicative.Internal.runP;Options.Applicative.Common.runParserInfo;Options.Applicative.Common.runParserFully;Options.Applicative.Common.runParser;Options.Applicative.Internal.disamb;Options.Applicative.Internal.runListT;Options.Applicative.Internal.takeListT;Options.Applicative.Internal.<!>;Options.Applicative.Internal.runReadM;Options.Applicative.Internal.withReadM;Options.Applicative.Types.crReader;Main.optionsParser;Options.Applicative.Types.fromM;Options.Applicative.Types.manyM 0
MAIN.MAIN;Main.main;Options.Applicative.Extra.execParser;Options.Applicative.Extra.customExecParser;Options.Applicative.Extra.execParserPure;Options.Applicative.Internal.runP;Options.Applicative.Common.runParserInfo;Options.Applicative.Common.runParserFully;Options.Applicative.Common.runParser;Options.Applicative.Internal.disamb;Options.Applicative.Internal.runListT;Options.Applicative.Internal.takeListT;Options.Applicative.Internal.<!>;Options.Applicative.Internal.runReadM;Options.Applicative.Internal.withReadM;Options.Applicative.Types.unReadM 0
MAIN.MAIN;Main.main;Options.Applicative.Extra.execParser;Options.Applicative.Extra.customExecParser;Options.Applicative.Extra.execParserPure;Options.Applicative.Internal.runP;Options.Applicative.Common.runParserInfo;Options.Applicative.Common.runParserFully;Options.Applicative.Common.runParser;Options.Applicative.Internal.disamb;Options.Applicative.Internal.runListT;Options.Applicative.Internal.takeListT;Options.Applicative.Internal.<!>;Options.Applicative.Internal.uncons 0
MAIN.MAIN;Main.main;Options.Applicative.Extra.execParser;Options.Applicative.Extra.customExecParser;Options.Applicative.Extra.execParserPure;Options.Applicative.Internal.runP;Options.Applicative.Common.runParserInfo;Options.Applicative.Common.runParserFully;Options.Applicative.Common.runParser;Options.Applicative.Internal.disamb;Options.Applicative.Internal.takeListT 0
MAIN.MAIN;Main.main;Options.Applicative.Extra.execParser;Options.Applicative.Extra.customExecParser;Options.Applicative.Extra.execParserPure;Options.Applicative.Internal.runP;Options.Applicative.Common.runParserInfo;Options.Applicative.Common.runParserFully;Options.Applicative.Common.runParser;Options.Applicative.Internal.withReadM 0
MAIN.MAIN;Main.main;Options.Applicative.Extra.execParser;Options.Applicative.Extra.customExecParser;Options.Applicative.Extra.execParserPure;Options.Applicative.Internal.runP;Options.Applicative.Common.runParserInfo;Options.Applicative.Common.runParserFully;Options.Applicative.Common.runParser;Options.Applicative.Types.optMain 0
MAIN.MAIN;Main.main;Options.Applicative.Extra.execParser;Options.Applicative.Extra.customExecParser;Options.Applicative.Extra.execParserPure;Options.Applicative.Internal.runP;Options.Applicative.Common.runParserInfo;Options.Applicative.Common.runParserFully;Options.Applicative.Common.runParser;Options.Applicative.Types.prefDisambiguate 0
MAIN.MAIN;Main.main;Options.Applicative.Extra.execParser;Options.Applicative.Extra.customExecParser;Options.Applicative.Extra.execParserPure;Options.Applicative.Internal.runP;Options.Applicative.Common.runParserInfo;Options.Applicative.Types.infoParser 0
MAIN.MAIN;Main.main;Options.Applicative.Extra.execParser;Options.Applicative.Extra.customExecParser;Options.Applicative.Extra.execParserPure;Options.Applicative.Internal.runP;Options.Applicative.Common.runParserInfo;Options.Applicative.Types.infoPolicy 0
MAIN.MAIN;Main.main;Options.Applicative.Extra.execParser;Options.Applicative.Extra.customExecParser;Options.Applicative.Extra.execParserPure;Options.Applicative.Internal.runP;Options.Applicative.Types.infoParser 0
MAIN.MAIN;Main.main;Options.Applicative.Extra.execParser;Options.Applicative.Extra.customExecParser;Options.Applicative.Extra.handleParseResult 0
MAIN.MAIN;Options.Applicative.BashCompletion.CAF 0
MAIN.MAIN;Options.Applicative.BashCompletion.CAF;Options.Applicative.BashCompletion.bashCompletionParser 0
MAIN.MAIN;Options.Applicative.BashCompletion.CAF;Options.Applicative.BashCompletion.bashCompletionParser;Options.Applicative.Builder.flag' 0
MAIN.MAIN;Options.Applicative.BashCompletion.CAF;Options.Applicative.BashCompletion.bashCompletionParser;Options.Applicative.Builder.flag';Options.Applicative.Builder.Internal.flagActive 0
MAIN.MAIN;Options.Applicative.BashCompletion.CAF;Options.Applicative.BashCompletion.bashCompletionParser;Options.Applicative.Builder.flag';Options.Applicative.Builder.Internal.flagNames 0
MAIN.MAIN;Options.Applicative.BashCompletion.CAF;Options.Applicative.BashCompletion.bashCompletionParser;Options.Applicative.Builder.flag';Options.Applicative.Builder.Internal.mkParser 0
MAIN.MAIN;Options.Applicative.BashCompletion.CAF;Options.Applicative.BashCompletion.bashCompletionParser;Options.Applicative.Builder.flag';Options.Applicative.Builder.Internal.mkParser;Options.Applicative.Builder.Internal.mkOption 0
MAIN.MAIN;Options.Applicative.BashCompletion.CAF;Options.Applicative.BashCompletion.bashCompletionParser;Options.Applicative.Builder.flag';Options.Applicative.Builder.long 0
MAIN.MAIN;Options.Applicative.BashCompletion.CAF;Options.Applicative.BashCompletion.bashCompletionParser;Options.Applicative.Builder.flag';Options.Applicative.Builder.long;Options.Applicative.Builder.Internal.fieldMod 0
MAIN.MAIN;Options.Applicative.BashCompletion.CAF;Options.Applicative.BashCompletion.bashCompletionParser;Options.Applicative.Builder.flag';Options.Applicative.Builder.long;Options.Applicative.Builder.Internal.fieldMod;Options.Applicative.Builder.Internal.flagNames 0
MAIN.MAIN;Options.Applicative.BashCompletion.CAF;Options.Applicative.BashCompletion.bashCompletionParser;Options.Applicative.Builder.long 0
MAIN.MAIN;Options.Applicative.BashCompletion.CAF;Options.Applicative.BashCompletion.bashCompletionParser;Options.Applicative.Builder.long;Options.Applicative.Builder.Internal.fieldMod 0
MAIN.MAIN;Options.Applicative.BashCompletion.CAF;Options.Applicative.BashCompletion.bashCompletionParser;Options.Applicative.Builder.option 0
MAIN.MAIN;Options.Applicative.BashCompletion.CAF;Options.Applicative.BashCompletion.bashCompletionParser;Options.Applicative.Builder.option;Options.Applicative.Builder.Internal.mkParser 0
MAIN.MAIN;Options.Applicative.BashCompletion.CAF;Options.Applicative.BashCompletion.bashCompletionParser;Options.Applicative.Builder.option;Options.Applicative.Builder.Internal.mkParser;Options.Applicative.Builder.Internal.mkOption 0
MAIN.MAIN;Options.Applicative.BashCompletion.CAF;Options.Applicative.BashCompletion.bashCompletionParser;Options.Applicative.Builder.option;Options.Applicative.Builder.Internal.optNames 0
MAIN.MAIN;Options.Applicative.BashCompletion.CAF;Options.Applicative.BashCompletion.bashCompletionParser;Options.Applicative.Builder.option;Options.Applicative.Builder.long 0
MAIN.MAIN;Options.Applicative.BashCompletion.CAF;Options.Applicative.BashCompletion.bashCompletionParser;Options.Applicative.Builder.option;Options.Applicative.Builder.long;Options.Applicative.Builder.Internal.fieldMod 0
MAIN.MAIN;Options.Applicative.BashCompletion.CAF;Options.Applicative.BashCompletion.bashCompletionParser;Options.Applicative.Builder.option;Options.Applicative.Builder.long;Options.Applicative.Builder.Internal.fieldMod;Options.Applicative.Builder.Internal.optNames 0
MAIN.MAIN;Options.Applicative.BashCompletion.CAF;Options.Applicative.BashCompletion.bashCompletionParser;Options.Applicative.Builder.strOption 0
MAIN.MAIN;Options.Applicative.BashCompletion.CAF;Options.Applicative.BashCompletion.bashCompletionParser;Options.Applicative.Builder.strOption;Options.Applicative.Builder.option 0
MAIN.MAIN;Options.Applicative.BashCompletion.CAF;Options.Applicative.BashCompletion.bashCompletionParser;Options.Applicative.Builder.strOption;Options.Applicative.Builder.option;Options.Applicative.Builder.Internal.mkParser 0
MAIN.MAIN;Options.Applicative.BashCompletion.CAF;Options.Applicative.BashCompletion.bashCompletionParser;Options.Applicative.Builder.strOption;Options.Applicative.Builder.option;Options.Applicative.Builder.Internal.mkParser;Options.Applicative.Builder.Internal.mkOption 0
MAIN.MAIN;Options.Applicative.BashCompletion.CAF;Options.Applicative.BashCompletion.bashCompletionParser;Options.Applicative.Builder.strOption;Options.Applicative.Builder.option;Options.Applicative.Builder.Internal.optNames 0
MAIN.MAIN;Options.Applicative.BashCompletion.CAF;Options.Applicative.BashCompletion.bashCompletionParser;Options.Applicative.Builder.strOption;Options.Applicative.Builder.option;Options.Applicative.Builder.long 0
MAIN.MAIN;Options.Applicative.BashCompletion.CAF;Options.Applicative.BashCompletion.bashCompletionParser;Options.Applicative.Builder.strOption;Options.Applicative.Builder.option;Options.Applicative.Builder.long;Options.Applicative.Builder.Internal.fieldMod 0
MAIN.MAIN;Options.Applicative.BashCompletion.CAF;Options.Applicative.BashCompletion.bashCompletionParser;Options.Applicative.Builder.strOption;Options.Applicative.Builder.option;Options.Applicative.Builder.long;Options.Applicative.Builder.Internal.fieldMod;Options.Applicative.Builder.Internal.optNames 0
MAIN.MAIN;Options.Applicative.BashCompletion.CAF;Options.Applicative.BashCompletion.bashCompletionParser;Options.Applicative.Builder.value 0
MAIN.MAIN;Options.Applicative.BashCompletion.CAF;Options.Applicative.BashCompletion.bashCompletionParser;Options.Applicative.Types.fromM 0
MAIN.MAIN;Options.Applicative.BashCompletion.CAF;Options.Applicative.BashCompletion.bashCompletionParser;Options.Applicative.Types.fromM;Options.Applicative.Types.manyM 0
MAIN.MAIN;Options.Applicative.BashCompletion.CAF;Options.Applicative.BashCompletion.bashCompletionParser;Options.Applicative.Types.fromM;Options.Applicative.Types.manyM;Options.Applicative.Types.oneM 0
MAIN.MAIN;Options.Applicative.Builder.CAF 0
MAIN.MAIN;Options.Applicative.Builder.CAF;Options.Applicative.Builder.abortOption 0
MAIN.MAIN;Options.Applicative.Builder.CAF;Options.Applicative.Builder.abortOption;Options.Applicative.Builder.metavar 0
MAIN.MAIN;Options.Applicative.Builder.CAF;Options.Applicative.Builder.abortOption;Options.Applicative.Builder.metavar;Options.Applicative.Builder.Internal.optionMod 0
MAIN.MAIN;Options.Applicative.Builder.CAF;Options.Applicative.Builder.abortOption;Options.Applicative.Builder.value 0
MAIN.MAIN;Options.Applicative.Builder.CAF;Options.Applicative.Builder.defaultPrefs 0
MAIN.MAIN;Options.Applicative.Builder.CAF;Options.Applicative.Builder.defaultPrefs;Options.Applicative.Builder.idm 0
MAIN.MAIN;Options.Applicative.Builder.CAF;Options.Applicative.Builder.defaultPrefs;Options.Applicative.Builder.prefs 0
MAIN.MAIN;Options.Applicative.Builder.CAF;Options.Applicative.Builder.fullDesc 0
MAIN.MAIN;Options.Applicative.Builder.CAF;Options.Applicative.Builder.hidden 0
MAIN.MAIN;Options.Applicative.Builder.CAF;Options.Applicative.Builder.hidden;Options.Applicative.Builder.Internal.optionMod 0
MAIN.MAIN;Options.Applicative.Builder.CAF;Options.Applicative.Builder.option 0
MAIN.MAIN;Options.Applicative.Builder.CAF;Options.Applicative.Builder.option;Options.Applicative.Builder.metavar 0
MAIN.MAIN;Options.Applicative.Builder.CAF;Options.Applicative.Builder.option;Options.Applicative.Builder.metavar;Options.Applicative.Builder.Internal.optionMod 0
MAIN.MAIN;Options.Applicative.Builder.CAF;Options.Applicative.Builder.switch 0
MAIN.MAIN;Options.Applicative.Builder.Internal.CAF 0
MAIN.MAIN;Options.Applicative.Builder.Internal.CAF;Options.Applicative.Builder.Internal.internal 0
MAIN.MAIN;Options.Applicative.Builder.Internal.CAF;Options.Applicative.Builder.Internal.internal;Options.Applicative.Builder.Internal.optionMod 0
MAIN.MAIN;Options.Applicative.Builder.Internal.CAF;Options.Applicative.Builder.Internal.optionMod 0
MAIN.MAIN;Options.Applicative.Common.CAF 0
MAIN.MAIN;Options.Applicative.Common.CAF;Options.Applicative.Common.liftOpt 0
MAIN.MAIN;Options.Applicative.Extra.CAF 0
MAIN.MAIN;Options.Applicative.Extra.CAF;Options.Applicative.Extra.execParser 0
MAIN.MAIN;Options.Applicative.Extra.CAF;Options.Applicative.Extra.helper 0
MAIN.MAIN;Options.Applicative.Extra.CAF;Options.Applicative.Extra.helper;Options.Applicative.Builder.abortOption 0
MAIN.MAIN;Options.Applicative.Extra.CAF;Options.Applicative.Extra.helper;Options.Applicative.Builder.abortOption;Options.Applicative.Builder.noArgError 0
MAIN.MAIN;Options.Applicative.Extra.CAF;Options.Applicative.Extra.helper;Options.Applicative.Builder.abortOption;Options.Applicative.Builder.noArgError;Options.Applicative.Builder.Internal.fieldMod 0
MAIN.MAIN;Options.Applicative.Extra.CAF;Options.Applicative.Extra.helper;Options.Applicative.Builder.abortOption;Options.Applicative.Builder.option 0
MAIN.MAIN;Options.Applicative.Extra.CAF;Options.Applicative.Extra.helper;Options.Applicative.Builder.abortOption;Options.Applicative.Builder.option;Options.Applicative.Builder.Internal.mkParser 0
MAIN.MAIN;Options.Applicative.Extra.CAF;Options.Applicative.Extra.helper;Options.Applicative.Builder.abortOption;Options.Applicative.Builder.option;Options.Applicative.Builder.Internal.mkParser;Options.Applicative.Builder.Internal.mkOption 0
MAIN.MAIN;Options.Applicative.Extra.CAF;Options.Applicative.Extra.helper;Options.Applicative.Builder.abortOption;Options.Applicative.Builder.option;Options.Applicative.Builder.Internal.optNames 0
MAIN.MAIN;Options.Applicative.Extra.CAF;Options.Applicative.Extra.helper;Options.Applicative.Builder.abortOption;Options.Applicative.Builder.option;Options.Applicative.Builder.noArgError 0
MAIN.MAIN;Options.Applicative.Extra.CAF;Options.Applicative.Extra.helper;Options.Applicative.Builder.abortOption;Options.Applicative.Builder.option;Options.Applicative.Builder.noArgError;Options.Applicative.Builder.Internal.fieldMod 0
MAIN.MAIN;Options.Applicative.Extra.CAF;Options.Applicative.Extra.helper;Options.Applicative.Builder.help 0
MAIN.MAIN;Options.Applicative.Extra.CAF;Options.Applicative.Extra.helper;Options.Applicative.Builder.help;Options.Applicative.Builder.Internal.optionMod 0
MAIN.MAIN;Options.Applicative.Extra.CAF;Options.Applicative.Extra.helper;Options.Applicative.Builder.long 0
MAIN.MAIN;Options.Applicative.Extra.CAF;Options.Applicative.Extra.helper;Options.Applicative.Builder.long;Options.Applicative.Builder.Internal.fieldMod 0
MAIN.MAIN;Options.Applicative.Extra.CAF;Options.Applicative.Extra.helper;Options.Applicative.Builder.short 0
MAIN.MAIN;Options.Applicative.Extra.CAF;Options.Applicative.Extra.helper;Options.Applicative.Builder.short;Options.Applicative.Builder.Internal.fieldMod 0
MAIN.MAIN;Options.Applicative.Types.CAF 0
MAIN.MAIN;Options.Applicative.Types.CAF;Options.Applicative.Types.readerAsk 0
